// Jest Snapshot v1, https://goo.gl/fbAQLP

exports[`renders correctly 1`] = `
<View
  style={
    Array [
      Object {
        "alignItems": "center",
        "backgroundColor": "#fa8900",
        "flexBasis": 0,
        "flexGrow": 1,
        "flexShrink": 1,
        "justifyContent": "center",
      },
    ]
  }
>
  <View
    style={
      Array [
        Object {
          "flexBasis": 0,
          "flexGrow": 2,
          "flexShrink": 1,
          "justifyContent": "center",
        },
      ]
    }
  >
    <Image
      source={
        Object {
          "testUri": "../../../src/img/jotform-logo.png",
        }
      }
      style={
        Array [
          Object {
            "marginBottom": 12,
            "resizeMode": "contain",
            "width": 625,
          },
        ]
      }
    />
  </View>
  <View
    style={
      Array [
        Object {
          "alignItems": "center",
          "backgroundColor": "white",
          "borderTopLeftRadius": 36,
          "borderTopRightRadius": 36,
          "flexBasis": 0,
          "flexGrow": 3,
          "flexShrink": 1,
          "paddingTop": 24,
          "width": "100%",
        },
      ]
    }
  >
    <View
      style={
        Array [
          Object {
            "alignItems": "center",
            "marginTop": 12,
          },
        ]
      }
    >
      <TextInput
        allowFontScaling={true}
        autoCapitalize="none"
        onBlur={[Function]}
        onChangeText={[Function]}
        placeholder=" Username"
        rejectResponderTermination={true}
        style={
          Array [
            Object {
              "backgroundColor": "#EEEEEE",
              "borderRadius": 5,
              "fontSize": 16,
              "height": 50,
              "marginVertical": 10,
              "width": 468.75,
            },
          ]
        }
        underlineColorAndroid="transparent"
        value="emreuzun1"
      />
      <TextInput
        allowFontScaling={true}
        autoCapitalize="none"
        onBlur={[Function]}
        onChangeText={[Function]}
        placeholder=" Password"
        rejectResponderTermination={true}
        secureTextEntry={true}
        style={
          Array [
            Object {
              "backgroundColor": "#EEEEEE",
              "borderRadius": 5,
              "fontSize": 16,
              "height": 50,
              "marginVertical": 10,
              "width": 468.75,
            },
          ]
        }
        underlineColorAndroid="transparent"
        value="w8h2h4lvjj."
      />
      <View
        accessible={true}
        focusable={true}
        onClick={[Function]}
        onResponderGrant={[Function]}
        onResponderMove={[Function]}
        onResponderRelease={[Function]}
        onResponderTerminate={[Function]}
        onResponderTerminationRequest={[Function]}
        onStartShouldSetResponder={[Function]}
        style={
          Object {
            "alignItems": "center",
            "backgroundColor": "#434343",
            "borderRadius": 8,
            "justifyContent": "center",
            "marginTop": 24,
            "opacity": 1,
            "paddingBottom": 12,
            "paddingLeft": 12,
            "paddingRight": 12,
            "paddingTop": 12,
            "width": 288.46153846153845,
          }
        }
      >
        <Text
          style={
            Array [
              Object {
                "color": "white",
                "fontSize": 18,
              },
            ]
          }
        >
          Login
        </Text>
      </View>
    </View>
    <View
      accessible={true}
      focusable={true}
      onClick={[Function]}
      onResponderGrant={[Function]}
      onResponderMove={[Function]}
      onResponderRelease={[Function]}
      onResponderTerminate={[Function]}
      onResponderTerminationRequest={[Function]}
      onStartShouldSetResponder={[Function]}
      style={
        Object {
          "marginTop": 24,
          "opacity": 1,
        }
      }
    >
      <Text>
        Don't you have an account?
        <Text
          style={
            Array [
              Object {
                "color": "#fa8900",
                "fontWeight": "700",
              },
            ]
          }
        >
           Sign up!
        </Text>
      </Text>
    </View>
  </View>
</View>
`;
